// Jest Snapshot v1, https://goo.gl/fbAQLP

exports[`Note component renders the Note 1`] = `
<div
  className="Note"
>
  <h2
    className="Note__title"
  >
    <Link
      to="/note/a"
    />
  </h2>
  <h4 />
  <div
    className="Note__dates"
  >
    <div
      className="Note__dates-modified"
    >
      Created:
       
      <span
        className="Date"
      >
        Apr 21st 2020
      </span>
    </div>
  </div>
  <div
    className="Note__Content"
  />
  <p>
    Remynder: Every 
     hours
  </p>
  <Link
    to="edit/a"
  >
    <button
      className="Note_edit reminder-action-button"
      type="button"
    >
      Edit
      <FontAwesomeIcon
        border={false}
        className="button-icon"
        fixedWidth={false}
        flip={null}
        icon="edit"
        inverse={false}
        listItem={false}
        mask={null}
        pull={null}
        pulse={false}
        rotation={null}
        size={null}
        spin={false}
        swapOpacity={false}
        symbol={false}
        title=""
        transform={null}
      />
    </button>
  </Link>
  <button
    className="Note__delete reminder-action-button"
    onClick={[Function]}
    type="button"
  >
     
    Delete
    <FontAwesomeIcon
      border={false}
      className="button-icon"
      fixedWidth={false}
      flip={null}
      icon="trash-alt"
      inverse={false}
      listItem={false}
      mask={null}
      pull={null}
      pulse={false}
      rotation={null}
      size={null}
      spin={false}
      swapOpacity={false}
      symbol={false}
      title=""
      transform={null}
    />
  </button>
</div>
`;
